// Jest Snapshot v1, https://goo.gl/fbAQLP

exports[`App should render 1`] = `
Array [
  <div
    className="wrapper"
>
    <header>
        <Connect(StatusContainer) />
    </header>
    <div
        className="content"
    >
        <Connect(ScheduleContainer) />
    </div>
</div>,
]
`;
